2026-03-22 12:19:21,193 - INFO - Стартиране... Търсим токен с MAC: 36:33:AB:AE:EB:AB
2026-03-22 12:20:23,869 - WARNING - Токенът е изгубен за повече от 10 сек!
2026-03-22 12:20:23,871 - WARNING - СИГНАЛ ЗА ЗАКЛЮЧВАНЕ! Компютърът се заключва.
2026-03-22 12:20:35,769 - INFO - Токенът е близо (Средно: -64.0 dBm). Очаква се ръчно отключване.
2026-03-22 12:21:37,587 - WARNING - Токенът е изгубен за повече от 10 сек!
2026-03-22 12:21:37,587 - WARNING - СИГНАЛ ЗА ЗАКЛЮЧВАНЕ! Компютърът се заключва.
2026-03-22 12:21:39,908 - INFO - Токенът е близо (Средно: -62.0 dBm). Очаква се ръчно отключване.
2026-03-22 12:22:27,141 - INFO - Програмата е спряна от потребителя.
2026-03-24 18:46:43,151 - INFO - Стартиране... Търсим токен с MAC: 56:EE:51:EF:0D:B0
2026-03-24 18:47:57,828 - WARNING - Токенът е изгубен за повече от 10 сек!
2026-03-24 18:47:57,829 - WARNING - СИГНАЛ ЗА ЗАКЛЮЧВАНЕ! Компютърът се заключва.
2026-03-24 18:48:17,313 - INFO - Токенът е близо (Средно: -72.0 dBm). Очаква се ръчно отключване.
2026-03-24 18:50:17,002 - WARNING - Токенът е изгубен за повече от 10 сек!
2026-03-24 18:50:17,002 - WARNING - СИГНАЛ ЗА ЗАКЛЮЧВАНЕ! Компютърът се заключва.
2026-03-24 18:50:36,824 - INFO - Токенът е близо (Средно: -73.6 dBm). Очаква се ръчно отключване.
2026-03-24 18:52:13,013 - INFO - Програмата е спряна от потребителя.
2026-04-20 12:05:41,704 - INFO - Стартиране... Търсим токен с MAC: 56:EE:51:EF:0D:B0
2026-04-20 12:05:51,849 - WARNING - Токенът е изгубен за повече от 10 сек!
2026-04-20 12:05:51,849 - WARNING - СИГНАЛ ЗА ЗАКЛЮЧВАНЕ! Компютърът се заключва.
2026-04-20 12:06:14,716 - INFO - Програмата е спряна от потребителя.
2026-04-20 12:52:02,403 - INFO - Стартиране... Търсим токен с MAC: 56:EE:51:EF:0D:B0
2026-04-20 12:52:12,539 - WARNING - Токенът е изгубен за повече от 10 сек!
2026-04-20 12:52:12,539 - WARNING - СИГНАЛ ЗА ЗАКЛЮЧВАНЕ! Компютърът се заключва.
2026-04-20 12:52:24,928 - INFO - Програмата е спряна от потребителя.
2026-04-20 13:08:17,862 - INFO - Стартиране... Търсим токен с MAC: 25:3B:72:6E:6B:29
2026-04-20 13:08:28,009 - WARNING - Токенът е изгубен за повече от 10 сек!
2026-04-20 13:08:28,009 - WARNING - СИГНАЛ ЗА ЗАКЛЮЧВАНЕ! Компютърът се заключва.
2026-04-20 13:08:54,978 - INFO - Програмата е спряна от потребителя.
2026-04-20 13:08:57,267 - INFO - Стартиране... Търсим токен с MAC: 25:3B:72:6E:6B:29
2026-04-20 13:09:07,390 - WARNING - Токенът е изгубен за повече от 10 сек!
2026-04-20 13:09:07,390 - WARNING - СИГНАЛ ЗА ЗАКЛЮЧВАНЕ! Компютърът се заключва.
2026-04-20 13:09:13,955 - INFO - Програмата е спряна от потребителя.
2026-04-20 13:09:22,708 - INFO - Стартиране... Търсим токен с MAC: 25:3B:72:6E:6B:29
2026-04-20 13:09:32,826 - WARNING - Токенът е изгубен за повече от 10 сек!
2026-04-20 13:09:32,826 - WARNING - СИГНАЛ ЗА ЗАКЛЮЧВАНЕ! Компютърът се заключва.
2026-04-20 13:09:40,178 - INFO - Програмата е спряна от потребителя.
2026-04-20 16:38:06,967 - INFO - Стартиране... Търсим токен с MAC: 25:3B:72:6E:6B:29
2026-04-20 16:38:17,126 - WARNING - Токенът е изгубен за повече от 10 сек!
2026-04-20 16:38:17,126 - WARNING - СИГНАЛ ЗА ЗАКЛЮЧВАНЕ! Компютърът се заключва.
2026-04-20 16:38:34,117 - INFO - Програмата е спряна от потребителя.
